[INFO] Scanning for projects...
[INFO] 
[INFO] --------------------< br.ifg.urutai:sd-api-entrega >--------------------
[INFO] Building sd-api-entrega 1.0.1
[INFO]   from pom.xml
[INFO] --------------------------------[ jar ]---------------------------------
[INFO] 
[INFO] --- clean:3.5.0:clean (default-clean) @ sd-api-entrega ---
[INFO] Deleting C:\Users\Jorge\IdeaProjects\sd-api-entrega\target
[INFO] 
[INFO] --- resources:3.3.1:resources (default-resources) @ sd-api-entrega ---
[INFO] Copying 1 resource from src\main\resources to target\classes
[INFO] Copying 0 resource from src\main\resources to target\classes
[INFO] 
[INFO] --- compiler:3.14.1:compile (default-compile) @ sd-api-entrega ---
[INFO] Recompiling the module because of changed source code.
[INFO] Compiling 21 source files with javac [debug parameters release 17] to target\classes
[WARNING] /C:/Users/Jorge/IdeaProjects/sd-api-entrega/src/main/java/br/ifg/urutai/sdapientrega/config/RabbitMQConfig.java:[61,12] org.springframework.amqp.support.converter.Jackson2JsonMessageConverter in org.springframework.amqp.support.converter has been deprecated and marked for removal
[WARNING] /C:/Users/Jorge/IdeaProjects/sd-api-entrega/src/main/java/br/ifg/urutai/sdapientrega/config/RabbitMQConfig.java:[61,12] org.springframework.amqp.support.converter.Jackson2JsonMessageConverter in org.springframework.amqp.support.converter has been deprecated and marked for removal
[WARNING] /C:/Users/Jorge/IdeaProjects/sd-api-entrega/src/main/java/br/ifg/urutai/sdapientrega/config/RabbitMQConfig.java:[61,12] org.springframework.amqp.support.converter.Jackson2JsonMessageConverter in org.springframework.amqp.support.converter has been deprecated and marked for removal
[WARNING] /C:/Users/Jorge/IdeaProjects/sd-api-entrega/src/main/java/br/ifg/urutai/sdapientrega/config/RabbitMQConfig.java:[61,12] org.springframework.amqp.support.converter.Jackson2JsonMessageConverter in org.springframework.amqp.support.converter has been deprecated and marked for removal
[WARNING] /C:/Users/Jorge/IdeaProjects/sd-api-entrega/src/main/java/br/ifg/urutai/sdapientrega/config/RabbitMQConfig.java:[61,12] org.springframework.amqp.support.converter.Jackson2JsonMessageConverter in org.springframework.amqp.support.converter has been deprecated and marked for removal
[WARNING] /C:/Users/Jorge/IdeaProjects/sd-api-entrega/src/main/java/br/ifg/urutai/sdapientrega/config/RabbitMQConfig.java:[62,9] org.springframework.amqp.support.converter.Jackson2JsonMessageConverter in org.springframework.amqp.support.converter has been deprecated and marked for removal
[WARNING] /C:/Users/Jorge/IdeaProjects/sd-api-entrega/src/main/java/br/ifg/urutai/sdapientrega/config/RabbitMQConfig.java:[62,54] org.springframework.amqp.support.converter.Jackson2JsonMessageConverter in org.springframework.amqp.support.converter has been deprecated and marked for removal
[WARNING] /C:/Users/Jorge/IdeaProjects/sd-api-entrega/src/main/java/br/ifg/urutai/sdapientrega/config/RabbitMQConfig.java:[63,9] org.springframework.amqp.support.converter.DefaultJackson2JavaTypeMapper in org.springframework.amqp.support.converter has been deprecated and marked for removal
[WARNING] /C:/Users/Jorge/IdeaProjects/sd-api-entrega/src/main/java/br/ifg/urutai/sdapientrega/config/RabbitMQConfig.java:[63,56] org.springframework.amqp.support.converter.DefaultJackson2JavaTypeMapper in org.springframework.amqp.support.converter has been deprecated and marked for removal
[WARNING] /C:/Users/Jorge/IdeaProjects/sd-api-entrega/src/main/java/br/ifg/urutai/sdapientrega/config/RabbitMQConfig.java:[64,38] org.springframework.amqp.support.converter.DefaultJackson2JavaTypeMapper in org.springframework.amqp.support.converter has been deprecated and marked for removal
[INFO] /C:/Users/Jorge/IdeaProjects/sd-api-entrega/src/main/java/br/ifg/urutai/sdapientrega/dto/PedidoEntregaRequestDTO.java: Some input files use or override a deprecated API.
[INFO] /C:/Users/Jorge/IdeaProjects/sd-api-entrega/src/main/java/br/ifg/urutai/sdapientrega/dto/PedidoEntregaRequestDTO.java: Recompile with -Xlint:deprecation for details.
[INFO] ------------------------------------------------------------------------
[INFO] BUILD SUCCESS
[INFO] ------------------------------------------------------------------------
[INFO] Total time:  3.895 s
[INFO] Finished at: 2026-06-07T18:39:51-03:00
[INFO] ------------------------------------------------------------------------
